Microsoft Windows [Version 10.0.19043.1165]
(c) Microsoft Corporation. All rights reserved.

D:\GitHub Projects\blog>jekyll serve
Configuration file: none
            Source: D:/GitHub Projects/blog
       Destination: D:/GitHub Projects/blog/_site      
 Incremental build: disabled. Enable with --incremental
      Generating... 
     Build Warning: Layout 'post' requested in blog/_posts/2021-08-16-welcome-to-jekyll.markdown does not exist.
     Build Warning: Layout 'default' requested in blog/404.html does not exist.   
     Build Warning: Layout 'page' requested in blog/about.markdown does not exist.
not exist.                                                              not exist.
                    done in 1.072 seconds.
 Auto-regeneration: enabled for 'D:/GitHub Projects/blog'
    Server address: http://127.0.0.1:4000
  Server running... press ctrl-c to stop.
[2021-08-16 22:20:07] ERROR `/favicon.ico' not found.
Terminate batch job (Y/N)? y

D:\GitHub Projects\blog>bundle exec jekyll serve
Could not locate Gemfile or .bundle/ directory

D:\GitHub Projects\blog>bundle exec jekyll serve
Could not locate Gemfile or .bundle/ directory

D:\GitHub Projects\blog>cd blog          

D:\GitHub Projects\blog\blog>bundle exec jekyll serve
Configuration file: D:/GitHub Projects/blog/blog/_config.yml
            Source: D:/GitHub Projects/blog/blog
       Destination: D:/GitHub Projects/blog/blog/_site
 Incremental build: disabled. Enable with --incremental
      Generating...
       Jekyll Feed: Generating feed for posts
                    done in 1.155 seconds.
 Auto-regeneration: enabled for 'D:/GitHub Projects/blog/blog'
                    ------------------------------------------------    
      Jekyll 4.2.0   Please append `--trace` to the `serve` command     
                     for any additional information or backtrace.       
                    ------------------------------------------------    
C:/Ruby30-x64/lib/ruby/gems/3.0.0/gems/jekyll-4.2.0/lib/jekyll/commands/serve/servlet.rb:3:in `require': cannot load such file -- webrick (LoadError)
        from C:/Ruby30-x64/lib/ruby/gems/3.0.0/gems/jekyll-4.2.0/lib/jekyll/commands/serve/servlet.rb:3:in `<top (required)>'
        from C:/Ruby30-x64/lib/ruby/gems/3.0.0/gems/jekyll-4.2.0/lib/jekyll/commands/serve.rb:179:in `require_relative'
        from C:/Ruby30-x64/lib/ruby/gems/3.0.0/gems/jekyll-4.2.0/lib/jekyll/commands/serve.rb:179:in `setup'
        from C:/Ruby30-x64/lib/ruby/gems/3.0.0/gems/jekyll-4.2.0/lib/jekyll/commands/serve.rb:100:in `process'
        from C:/Ruby30-x64/lib/ruby/gems/3.0.0/gems/jekyll-4.2.0/lib/jekyll/command.rb:91:in `block in process_with_graceful_fail'
        from C:/Ruby30-x64/lib/ruby/gems/3.0.0/gems/jekyll-4.2.0/lib/jekyll/command.rb:91:in `each'
        from C:/Ruby30-x64/lib/ruby/gems/3.0.0/gems/jekyll-4.2.0/lib/jekyll/command.rb:91:in `process_with_graceful_fail'
        from C:/Ruby30-x64/lib/ruby/gems/3.0.0/gems/jekyll-4.2.0/lib/jekyll/commands/serve.rb:86:in `block (2 levels) in init_with_program'     
        from C:/Ruby30-x64/lib/ruby/gems/3.0.0/gems/mercenary-0.4.0/lib/mercenary/command.rb:221:in `block in execute'
        from C:/Ruby30-x64/lib/ruby/gems/3.0.0/gems/mercenary-0.4.0/lib/mercenary/command.rb:221:in `each'
        from C:/Ruby30-x64/lib/ruby/gems/3.0.0/gems/mercenary-0.4.0/lib/mercenary/command.rb:221:in `execute'
        from C:/Ruby30-x64/lib/ruby/gems/3.0.0/gems/mercenary-0.4.0/lib/mercenary/program.rb:44:in `go'
        from C:/Ruby30-x64/lib/ruby/gems/3.0.0/gems/mercenary-0.4.0/lib/mercenary.rb:21:in `program'
        from C:/Ruby30-x64/lib/ruby/gems/3.0.0/gems/jekyll-4.2.0/exe/jekyll:15:in `<top (required)>'
        from C:/Ruby30-x64/bin/jekyll:23:in `load'
        from C:/Ruby30-x64/bin/jekyll:23:in `<main>'

D:\GitHub Projects\blog\blog>bundle install
Using public_suffix 4.0.6
Using addressable 2.8.0
Using bundler 2.2.25
Using colorator 1.1.0
Using concurrent-ruby 1.1.9
Using eventmachine 1.2.7 (x64-mingw32)
Using http_parser.rb 0.6.0
Using em-websocket 0.5.2
Using ffi 1.15.3 (x64-mingw32)
Using forwardable-extended 2.6.0
Using i18n 1.8.10
Using sassc 2.4.0 (x64-mingw32)
Using jekyll-sass-converter 2.1.0
Using rb-fsevent 0.11.0
Using rb-inotify 0.10.1
Using listen 3.6.0
Using jekyll-watch 2.2.1
Using rexml 3.2.5
Using kramdown 2.3.1
Using kramdown-parser-gfm 1.1.0
Using liquid 4.0.3
Using mercenary 0.4.0
Using pathutil 0.16.2
Using rouge 3.26.0
Using safe_yaml 1.0.5
Using unicode-display_width 1.7.0
Using terminal-table 2.0.0
Using jekyll 4.2.0
Using jekyll-feed 0.15.1
Using jekyll-seo-tag 2.7.1
Using minima 2.5.1
Using thread_safe 0.3.6
Using tzinfo 1.2.9
Using tzinfo-data 1.2021.1
Using wdm 0.1.1
Bundle complete! 6 Gemfile dependencies, 35 gems now installed.
Use `bundle info [gemname]` to see where a bundled gem is installed.    

D:\GitHub Projects\blog\blog>bundle exec jekyll serve
Configuration file: D:/GitHub Projects/blog/blog/_config.yml
            Source: D:/GitHub Projects/blog/blog
       Destination: D:/GitHub Projects/blog/blog/_site
 Incremental build: disabled. Enable with --incremental
      Generating...
       Jekyll Feed: Generating feed for posts
                    done in 0.639 seconds.
 Auto-regeneration: enabled for 'D:/GitHub Projects/blog/blog'
                    ------------------------------------------------    
      Jekyll 4.2.0   Please append `--trace` to the `serve` command     
                     for any additional information or backtrace.       
                    ------------------------------------------------    
C:/Ruby30-x64/lib/ruby/gems/3.0.0/gems/jekyll-4.2.0/lib/jekyll/commands/serve/servlet.rb:3:in `require': cannot load such file -- webrick (LoadError)
        from C:/Ruby30-x64/lib/ruby/gems/3.0.0/gems/jekyll-4.2.0/lib/jekyll/commands/serve/servlet.rb:3:in `<top (required)>'
        from C:/Ruby30-x64/lib/ruby/gems/3.0.0/gems/jekyll-4.2.0/lib/jekyll/commands/serve.rb:179:in `require_relative'
        from C:/Ruby30-x64/lib/ruby/gems/3.0.0/gems/jekyll-4.2.0/lib/jekyll/commands/serve.rb:179:in `setup'
        from C:/Ruby30-x64/lib/ruby/gems/3.0.0/gems/jekyll-4.2.0/lib/jekyll/commands/serve.rb:100:in `process'
        from C:/Ruby30-x64/lib/ruby/gems/3.0.0/gems/jekyll-4.2.0/lib/jekyll/command.rb:91:in `block in process_with_graceful_fail'
        from C:/Ruby30-x64/lib/ruby/gems/3.0.0/gems/jekyll-4.2.0/lib/jekyll/command.rb:91:in `each'
        from C:/Ruby30-x64/lib/ruby/gems/3.0.0/gems/jekyll-4.2.0/lib/jekyll/command.rb:91:in `process_with_graceful_fail'
        from C:/Ruby30-x64/lib/ruby/gems/3.0.0/gems/jekyll-4.2.0/lib/jekyll/commands/serve.rb:86:in `block (2 levels) in init_with_program'     
        from C:/Ruby30-x64/lib/ruby/gems/3.0.0/gems/mercenary-0.4.0/lib/mercenary/command.rb:221:in `block in execute'
        from C:/Ruby30-x64/lib/ruby/gems/3.0.0/gems/mercenary-0.4.0/lib/mercenary/command.rb:221:in `each'
        from C:/Ruby30-x64/lib/ruby/gems/3.0.0/gems/mercenary-0.4.0/lib/mercenary/command.rb:221:in `execute'
        from C:/Ruby30-x64/lib/ruby/gems/3.0.0/gems/mercenary-0.4.0/lib/mercenary/program.rb:44:in `go'
        from C:/Ruby30-x64/lib/ruby/gems/3.0.0/gems/mercenary-0.4.0/lib/mercenary.rb:21:in `program'
        from C:/Ruby30-x64/lib/ruby/gems/3.0.0/gems/jekyll-4.2.0/exe/jekyll:15:in `<top (required)>'
        from C:/Ruby30-x64/bin/jekyll:23:in `load'
        from C:/Ruby30-x64/bin/jekyll:23:in `<main>'

D:\GitHub Projects\blog\blog>gem install webrick     
Successfully installed webrick-1.7.0
Parsing documentation for webrick-1.7.0
Done installing documentation for webrick after 1 seconds
1 gem installed

D:\GitHub Projects\blog\blog>bundle exec jekyll serve
Configuration file: D:/GitHub Projects/blog/blog/_config.yml
            Source: D:/GitHub Projects/blog/blog
       Destination: D:/GitHub Projects/blog/blog/_site
 Incremental build: disabled. Enable with --incremental
      Generating...
       Jekyll Feed: Generating feed for posts
                    done in 0.686 seconds.
 Auto-regeneration: enabled for 'D:/GitHub Projects/blog/blog'
                    ------------------------------------------------    
      Jekyll 4.2.0   Please append `--trace` to the `serve` command     
                     for any additional information or backtrace.       
                    ------------------------------------------------    
C:/Ruby30-x64/lib/ruby/gems/3.0.0/gems/jekyll-4.2.0/lib/jekyll/commands/serve/servlet.rb:3:in `require': cannot load such file -- webrick (LoadError)
        from C:/Ruby30-x64/lib/ruby/gems/3.0.0/gems/jekyll-4.2.0/lib/jekyll/commands/serve/servlet.rb:3:in `<top (required)>'
        from C:/Ruby30-x64/lib/ruby/gems/3.0.0/gems/jekyll-4.2.0/lib/jekyll/commands/serve.rb:179:in `require_relative'
        from C:/Ruby30-x64/lib/ruby/gems/3.0.0/gems/jekyll-4.2.0/lib/jekyll/commands/serve.rb:179:in `setup'
        from C:/Ruby30-x64/lib/ruby/gems/3.0.0/gems/jekyll-4.2.0/lib/jekyll/commands/serve.rb:100:in `process'
        from C:/Ruby30-x64/lib/ruby/gems/3.0.0/gems/jekyll-4.2.0/lib/jekyll/command.rb:91:in `block in process_with_graceful_fail'
        from C:/Ruby30-x64/lib/ruby/gems/3.0.0/gems/jekyll-4.2.0/lib/jekyll/command.rb:91:in `each'
        from C:/Ruby30-x64/lib/ruby/gems/3.0.0/gems/jekyll-4.2.0/lib/jekyll/command.rb:91:in `process_with_graceful_fail'
        from C:/Ruby30-x64/lib/ruby/gems/3.0.0/gems/jekyll-4.2.0/lib/jekyll/commands/serve.rb:86:in `block (2 levels) in init_with_program'     
        from C:/Ruby30-x64/lib/ruby/gems/3.0.0/gems/mercenary-0.4.0/lib/mercenary/command.rb:221:in `block in execute'
        from C:/Ruby30-x64/lib/ruby/gems/3.0.0/gems/mercenary-0.4.0/lib/mercenary/command.rb:221:in `each'
        from C:/Ruby30-x64/lib/ruby/gems/3.0.0/gems/mercenary-0.4.0/lib/mercenary/command.rb:221:in `execute'
        from C:/Ruby30-x64/lib/ruby/gems/3.0.0/gems/mercenary-0.4.0/lib/mercenary/program.rb:44:in `go'
        from C:/Ruby30-x64/lib/ruby/gems/3.0.0/gems/mercenary-0.4.0/lib/mercenary.rb:21:in `program'
        from C:/Ruby30-x64/lib/ruby/gems/3.0.0/gems/jekyll-4.2.0/exe/jekyll:15:in `<top (required)>'
        from C:/Ruby30-x64/bin/jekyll:23:in `load'
        from C:/Ruby30-x64/bin/jekyll:23:in `<main>'

D:\GitHub Projects\blog\blog>bundle add webrick
Fetching gem metadata from https://rubygems.org/.........
Resolving dependencies...
Fetching gem metadata from https://rubygems.org/.........
Resolving dependencies...
Using public_suffix 4.0.6
Using addressable 2.8.0
Using bundler 2.2.25
Using colorator 1.1.0
Using concurrent-ruby 1.1.9
Using eventmachine 1.2.7 (x64-mingw32)
Using http_parser.rb 0.6.0
Using em-websocket 0.5.2
Using ffi 1.15.3 (x64-mingw32)
Using forwardable-extended 2.6.0
Using i18n 1.8.10
Using sassc 2.4.0 (x64-mingw32)
Using jekyll-sass-converter 2.1.0
Using rb-fsevent 0.11.0
Using rb-inotify 0.10.1
Using listen 3.6.0
Using jekyll-watch 2.2.1
Using rexml 3.2.5
Using kramdown 2.3.1
Using kramdown-parser-gfm 1.1.0
Using liquid 4.0.3
Using mercenary 0.4.0
Using pathutil 0.16.2
Using rouge 3.26.0
Using safe_yaml 1.0.5
Using unicode-display_width 1.7.0
Using terminal-table 2.0.0
Using jekyll 4.2.0
Using jekyll-feed 0.15.1
Using jekyll-seo-tag 2.7.1
Using minima 2.5.1
Using thread_safe 0.3.6
Using tzinfo 1.2.9
Using tzinfo-data 1.2021.1
Using wdm 0.1.1
Using webrick 1.7.0

D:\GitHub Projects\blog\blog>bundle install
Using public_suffix 4.0.6
Using addressable 2.8.0
Using bundler 2.2.25
Using colorator 1.1.0
Using concurrent-ruby 1.1.9
Using eventmachine 1.2.7 (x64-mingw32)
Using http_parser.rb 0.6.0
Using em-websocket 0.5.2
Using ffi 1.15.3 (x64-mingw32)
Using forwardable-extended 2.6.0
Using i18n 1.8.10
Using sassc 2.4.0 (x64-mingw32)
Using jekyll-sass-converter 2.1.0
Using rb-fsevent 0.11.0
Using rb-inotify 0.10.1
Using listen 3.6.0
Using jekyll-watch 2.2.1
Using rexml 3.2.5
Using kramdown 2.3.1
Using kramdown-parser-gfm 1.1.0
Using liquid 4.0.3
Using mercenary 0.4.0
Using pathutil 0.16.2
Using rouge 3.26.0
Using safe_yaml 1.0.5
Using unicode-display_width 1.7.0
Using terminal-table 2.0.0
Using jekyll 4.2.0
Using jekyll-feed 0.15.1
Using jekyll-seo-tag 2.7.1
Using minima 2.5.1
Using thread_safe 0.3.6
Using tzinfo 1.2.9
Using tzinfo-data 1.2021.1
Using wdm 0.1.1
Using webrick 1.7.0
Bundle complete! 7 Gemfile dependencies, 36 gems now installed.
Use `bundle info [gemname]` to see where a bundled gem is installed.

D:\GitHub Projects\blog\blog>bundle exec jekyll serve
Configuration file: D:/GitHub Projects/blog/blog/_config.yml
            Source: D:/GitHub Projects/blog/blog
       Destination: D:/GitHub Projects/blog/blog/_site
 Incremental build: disabled. Enable with --incremental
      Generating...
       Jekyll Feed: Generating feed for posts
                    done in 0.644 seconds.
 Auto-regeneration: enabled for 'D:/GitHub Projects/blog/blog'
    Server address: http://127.0.0.1:4000/
  Server running... press ctrl-c to stop.

---------------------------------------------------------------------------------
New theme
---------------------------------------------------------------------------------

Microsoft Windows [Version 10.0.19043.1165]
(c) Microsoft Corporation. All rights reserved.

D:\GitHub Projects\blog>jekyll serve
Configuration file: none
            Source: D:/GitHub Projects/blog
       Destination: D:/GitHub Projects/blog/_site      
 Incremental build: disabled. Enable with --incremental
      Generating... 
     Build Warning: Layout 'post' requested in blog/_posts/2021-08-16-we does not exist.
     Build Warning: Layout 'default' requested in blog/404.html does not
     Build Warning: Layout 'page' requested in blog/about.markdown does 
not exist.
                    done in 1.072 seconds.
 Auto-regeneration: enabled for 'D:/GitHub Projects/blog'
    Server address: http://127.0.0.1:4000
  Server running... press ctrl-c to stop.
[2021-08-16 22:20:07] ERROR `/favicon.ico' not found.
Terminate batch job (Y/N)? y

D:\GitHub Projects\blog>bundle exec jekyll serve
Could not locate Gemfile or .bundle/ directory

D:\GitHub Projects\blog>bundle exec jekyll serve
Could not locate Gemfile or .bundle/ directory

D:\GitHub Projects\blog>cd blog          

D:\GitHub Projects\blog\blog>bundle exec jekyll serve
Configuration file: D:/GitHub Projects/blog/blog/_config.yml
            Source: D:/GitHub Projects/blog/blog
       Destination: D:/GitHub Projects/blog/blog/_site
 Incremental build: disabled. Enable with --incremental
      Generating...
       Jekyll Feed: Generating feed for posts
                    done in 1.155 seconds.
 Auto-regeneration: enabled for 'D:/GitHub Projects/blog/blog'
                    ------------------------------------------------    
      Jekyll 4.2.0   Please append `--trace` to the `serve` command     
                     for any additional information or backtrace.       
                    ------------------------------------------------    
C:/Ruby30-x64/lib/ruby/gems/3.0.0/gems/jekyll-4.2.0/lib/jekyll/commands/serve/servlet.rb:3:in `require': cannot load such file -- webrick (LoadError)
        from C:/Ruby30-x64/lib/ruby/gems/3.0.0/gems/jekyll-4.2.0/lib/jekyll/commands/serve/servlet.rb:3:in `<top (required)>'
        from C:/Ruby30-x64/lib/ruby/gems/3.0.0/gems/jekyll-4.2.0/lib/jekyll/commands/serve.rb:179:in `require_relative'
        from C:/Ruby30-x64/lib/ruby/gems/3.0.0/gems/jekyll-4.2.0/lib/jekyll/commands/serve.rb:179:in `setup'
        from C:/Ruby30-x64/lib/ruby/gems/3.0.0/gems/jekyll-4.2.0/lib/jekyll/commands/serve.rb:100:in `process'
        from C:/Ruby30-x64/lib/ruby/gems/3.0.0/gems/jekyll-4.2.0/lib/jekyll/command.rb:91:in `block in process_with_graceful_fail'
        from C:/Ruby30-x64/lib/ruby/gems/3.0.0/gems/jekyll-4.2.0/lib/jekyll/command.rb:91:in `each'
        from C:/Ruby30-x64/lib/ruby/gems/3.0.0/gems/jekyll-4.2.0/lib/jekyll/command.rb:91:in `process_with_graceful_fail'
        from C:/Ruby30-x64/lib/ruby/gems/3.0.0/gems/jekyll-4.2.0/lib/jekyll/commands/serve.rb:86:in `block (2 levels) in init_with_program'     
        from C:/Ruby30-x64/lib/ruby/gems/3.0.0/gems/mercenary-0.4.0/lib/mercenary/command.rb:221:in `block in execute'
        from C:/Ruby30-x64/lib/ruby/gems/3.0.0/gems/mercenary-0.4.0/lib/mercenary/command.rb:221:in `each'
        from C:/Ruby30-x64/lib/ruby/gems/3.0.0/gems/mercenary-0.4.0/lib/mercenary/command.rb:221:in `execute'
        from C:/Ruby30-x64/lib/ruby/gems/3.0.0/gems/mercenary-0.4.0/lib/mercenary/program.rb:44:in `go'
        from C:/Ruby30-x64/lib/ruby/gems/3.0.0/gems/mercenary-0.4.0/lib/mercenary.rb:21:in `program'
        from C:/Ruby30-x64/lib/ruby/gems/3.0.0/gems/jekyll-4.2.0/exe/jekyll:15:in `<top (required)>'
        from C:/Ruby30-x64/bin/jekyll:23:in `load'
        from C:/Ruby30-x64/bin/jekyll:23:in `<main>'

D:\GitHub Projects\blog\blog>bundle install
Using public_suffix 4.0.6
Using addressable 2.8.0
Using bundler 2.2.25
Using colorator 1.1.0
Using concurrent-ruby 1.1.9
Using eventmachine 1.2.7 (x64-mingw32)
Using http_parser.rb 0.6.0
Using em-websocket 0.5.2
Using ffi 1.15.3 (x64-mingw32)
Using forwardable-extended 2.6.0
Using i18n 1.8.10
Using sassc 2.4.0 (x64-mingw32)
Using jekyll-sass-converter 2.1.0
Using rb-fsevent 0.11.0
Using rb-inotify 0.10.1
Using listen 3.6.0
Using jekyll-watch 2.2.1
Using rexml 3.2.5
Using kramdown 2.3.1
Using kramdown-parser-gfm 1.1.0
Using liquid 4.0.3
Using mercenary 0.4.0
Using pathutil 0.16.2
Using rouge 3.26.0
Using safe_yaml 1.0.5
Using unicode-display_width 1.7.0
Using terminal-table 2.0.0
Using jekyll 4.2.0
Using jekyll-feed 0.15.1
Using jekyll-seo-tag 2.7.1
Using minima 2.5.1
Using thread_safe 0.3.6
Using tzinfo 1.2.9
Using tzinfo-data 1.2021.1
Using wdm 0.1.1
Bundle complete! 6 Gemfile dependencies, 35 gems now installed.
Use `bundle info [gemname]` to see where a bundled gem is installed.    

D:\GitHub Projects\blog\blog>bundle exec jekyll serve
Configuration file: D:/GitHub Projects/blog/blog/_config.yml
            Source: D:/GitHub Projects/blog/blog
       Destination: D:/GitHub Projects/blog/blog/_site
 Incremental build: disabled. Enable with --incremental
      Generating...
       Jekyll Feed: Generating feed for posts
                    done in 0.639 seconds.
 Auto-regeneration: enabled for 'D:/GitHub Projects/blog/blog'
                    ------------------------------------------------    
      Jekyll 4.2.0   Please append `--trace` to the `serve` command     
                     for any additional information or backtrace.       
                    ------------------------------------------------    
C:/Ruby30-x64/lib/ruby/gems/3.0.0/gems/jekyll-4.2.0/lib/jekyll/commands/serve/servlet.rb:3:in `require': cannot load such file -- webrick (LoadError)
        from C:/Ruby30-x64/lib/ruby/gems/3.0.0/gems/jekyll-4.2.0/lib/jekyll/commands/serve/servlet.rb:3:in `<top (required)>'
        from C:/Ruby30-x64/lib/ruby/gems/3.0.0/gems/jekyll-4.2.0/lib/jekyll/commands/serve.rb:179:in `require_relative'
        from C:/Ruby30-x64/lib/ruby/gems/3.0.0/gems/jekyll-4.2.0/lib/jekyll/commands/serve.rb:179:in `setup'
        from C:/Ruby30-x64/lib/ruby/gems/3.0.0/gems/jekyll-4.2.0/lib/jekyll/commands/serve.rb:100:in `process'
        from C:/Ruby30-x64/lib/ruby/gems/3.0.0/gems/jekyll-4.2.0/lib/jekyll/command.rb:91:in `block in process_with_graceful_fail'
        from C:/Ruby30-x64/lib/ruby/gems/3.0.0/gems/jekyll-4.2.0/lib/jekyll/command.rb:91:in `each'
        from C:/Ruby30-x64/lib/ruby/gems/3.0.0/gems/jekyll-4.2.0/lib/jekyll/command.rb:91:in `process_with_graceful_fail'
        from C:/Ruby30-x64/lib/ruby/gems/3.0.0/gems/jekyll-4.2.0/lib/jekyll/commands/serve.rb:86:in `block (2 levels) in init_with_program'     
        from C:/Ruby30-x64/lib/ruby/gems/3.0.0/gems/mercenary-0.4.0/lib/mercenary/command.rb:221:in `block in execute'
        from C:/Ruby30-x64/lib/ruby/gems/3.0.0/gems/mercenary-0.4.0/lib/mercenary/command.rb:221:in `each'
        from C:/Ruby30-x64/lib/ruby/gems/3.0.0/gems/mercenary-0.4.0/lib/mercenary/command.rb:221:in `execute'
        from C:/Ruby30-x64/lib/ruby/gems/3.0.0/gems/mercenary-0.4.0/lib/mercenary/program.rb:44:in `go'
        from C:/Ruby30-x64/lib/ruby/gems/3.0.0/gems/mercenary-0.4.0/lib/mercenary.rb:21:in `program'
        from C:/Ruby30-x64/lib/ruby/gems/3.0.0/gems/jekyll-4.2.0/exe/jekyll:15:in `<top (required)>'
        from C:/Ruby30-x64/bin/jekyll:23:in `load'
        from C:/Ruby30-x64/bin/jekyll:23:in `<main>'

D:\GitHub Projects\blog\blog>gem install webrick     
Successfully installed webrick-1.7.0
Parsing documentation for webrick-1.7.0
Done installing documentation for webrick after 1 seconds
1 gem installed

D:\GitHub Projects\blog\blog>bundle exec jekyll serve
Configuration file: D:/GitHub Projects/blog/blog/_config.yml
            Source: D:/GitHub Projects/blog/blog
       Destination: D:/GitHub Projects/blog/blog/_site
 Incremental build: disabled. Enable with --incremental
      Generating...
       Jekyll Feed: Generating feed for posts
                    done in 0.686 seconds.
 Auto-regeneration: enabled for 'D:/GitHub Projects/blog/blog'
                    ------------------------------------------------    
      Jekyll 4.2.0   Please append `--trace` to the `serve` command     
                     for any additional information or backtrace.       
                    ------------------------------------------------    
C:/Ruby30-x64/lib/ruby/gems/3.0.0/gems/jekyll-4.2.0/lib/jekyll/commands/serve/servlet.rb:3:in `require': cannot load such file -- webrick (LoadError)
        from C:/Ruby30-x64/lib/ruby/gems/3.0.0/gems/jekyll-4.2.0/lib/jekyll/commands/serve/servlet.rb:3:in `<top (required)>'
        from C:/Ruby30-x64/lib/ruby/gems/3.0.0/gems/jekyll-4.2.0/lib/jekyll/commands/serve.rb:179:in `require_relative'
        from C:/Ruby30-x64/lib/ruby/gems/3.0.0/gems/jekyll-4.2.0/lib/jekyll/commands/serve.rb:179:in `setup'
        from C:/Ruby30-x64/lib/ruby/gems/3.0.0/gems/jekyll-4.2.0/lib/jekyll/commands/serve.rb:100:in `process'
        from C:/Ruby30-x64/lib/ruby/gems/3.0.0/gems/jekyll-4.2.0/lib/jekyll/command.rb:91:in `block in process_with_graceful_fail'
        from C:/Ruby30-x64/lib/ruby/gems/3.0.0/gems/jekyll-4.2.0/lib/jekyll/command.rb:91:in `each'
        from C:/Ruby30-x64/lib/ruby/gems/3.0.0/gems/jekyll-4.2.0/lib/jekyll/command.rb:91:in `process_with_graceful_fail'
        from C:/Ruby30-x64/lib/ruby/gems/3.0.0/gems/jekyll-4.2.0/lib/jekyll/commands/serve.rb:86:in `block (2 levels) in init_with_program'     
        from C:/Ruby30-x64/lib/ruby/gems/3.0.0/gems/mercenary-0.4.0/lib/mercenary/command.rb:221:in `block in execute'
        from C:/Ruby30-x64/lib/ruby/gems/3.0.0/gems/mercenary-0.4.0/lib/mercenary/command.rb:221:in `each'
        from C:/Ruby30-x64/lib/ruby/gems/3.0.0/gems/mercenary-0.4.0/lib/mercenary/command.rb:221:in `execute'
        from C:/Ruby30-x64/lib/ruby/gems/3.0.0/gems/mercenary-0.4.0/lib/mercenary/program.rb:44:in `go'
        from C:/Ruby30-x64/lib/ruby/gems/3.0.0/gems/mercenary-0.4.0/lib/mercenary.rb:21:in `program'
        from C:/Ruby30-x64/lib/ruby/gems/3.0.0/gems/jekyll-4.2.0/exe/jekyll:15:in `<top (required)>'
        from C:/Ruby30-x64/bin/jekyll:23:in `load'
        from C:/Ruby30-x64/bin/jekyll:23:in `<main>'

D:\GitHub Projects\blog\blog>bundle add webrick
Fetching gem metadata from https://rubygems.org/.........
Resolving dependencies...
Fetching gem metadata from https://rubygems.org/.........
Resolving dependencies...
Using public_suffix 4.0.6
Using addressable 2.8.0
Using bundler 2.2.25
Using colorator 1.1.0
Using concurrent-ruby 1.1.9
Using eventmachine 1.2.7 (x64-mingw32)
Using http_parser.rb 0.6.0
Using em-websocket 0.5.2
Using ffi 1.15.3 (x64-mingw32)
Using forwardable-extended 2.6.0
Using i18n 1.8.10
Using sassc 2.4.0 (x64-mingw32)
Using jekyll-sass-converter 2.1.0
Using rb-fsevent 0.11.0
Using rb-inotify 0.10.1
Using listen 3.6.0
Using jekyll-watch 2.2.1
Using rexml 3.2.5
Using kramdown 2.3.1
Using kramdown-parser-gfm 1.1.0
Using liquid 4.0.3
Using mercenary 0.4.0
Using pathutil 0.16.2
Using rouge 3.26.0
Using safe_yaml 1.0.5
Using unicode-display_width 1.7.0
Using terminal-table 2.0.0
Using jekyll 4.2.0
Using jekyll-feed 0.15.1
Using jekyll-seo-tag 2.7.1
Using minima 2.5.1
Using thread_safe 0.3.6
Using tzinfo 1.2.9
Using tzinfo-data 1.2021.1
Using wdm 0.1.1
Using webrick 1.7.0

D:\GitHub Projects\blog\blog>bundle install
Using public_suffix 4.0.6
Using addressable 2.8.0
Using bundler 2.2.25
Using colorator 1.1.0
Using concurrent-ruby 1.1.9
Using eventmachine 1.2.7 (x64-mingw32)
Using http_parser.rb 0.6.0
Using em-websocket 0.5.2
Using ffi 1.15.3 (x64-mingw32)
Using forwardable-extended 2.6.0
Using i18n 1.8.10
Using sassc 2.4.0 (x64-mingw32)
Using jekyll-sass-converter 2.1.0
Using rb-fsevent 0.11.0
Using rb-inotify 0.10.1
Using listen 3.6.0
Using jekyll-watch 2.2.1
Using rexml 3.2.5
Using kramdown 2.3.1
Using kramdown-parser-gfm 1.1.0
Using liquid 4.0.3
Using mercenary 0.4.0
Using pathutil 0.16.2
Using rouge 3.26.0
Using safe_yaml 1.0.5
Using unicode-display_width 1.7.0
Using terminal-table 2.0.0
Using jekyll 4.2.0
Using jekyll-feed 0.15.1
Using jekyll-seo-tag 2.7.1
Using minima 2.5.1
Using thread_safe 0.3.6
Using tzinfo 1.2.9
Using tzinfo-data 1.2021.1
Using wdm 0.1.1
Using webrick 1.7.0

D:\GitHub Projects\blog\blog>bundle exec jekyll serve
Configuration file: D:/GitHub Projects/blog/blog/_config.yml
            Source: D:/GitHub Projects/blog/blog
       Destination: D:/GitHub Projects/blog/blog/_site
 Incremental build: disabled. Enable with --incremental
      Generating...
       Jekyll Feed: Generating feed for posts
                    done in 0.644 seconds.
 Auto-regeneration: enabled for 'D:/GitHub Projects/blog/blog'
    Server address: http://127.0.0.1:4000/
  Server running... press ctrl-c to stop.
Terminate batch job (Y/N)? y 
Terminate batch job (Y/N)? Y

D:\GitHub Projects\blog\blog>bundle
Fetching gem metadata from https://rubygems.org/.........
Resolving dependencies...
Using public_suffix 4.0.6
Using addressable 2.8.0
Using bundler 2.2.25
Using colorator 1.1.0
Using concurrent-ruby 1.1.9
Using eventmachine 1.2.7 (x64-mingw32)
Using http_parser.rb 0.6.0
Using em-websocket 0.5.2
Using ffi 1.15.3 (x64-mingw32)
Using forwardable-extended 2.6.0
Using gemoji 3.0.1
Using i18n 1.8.10
Using sassc 2.4.0 (x64-mingw32)
Using jekyll-sass-converter 2.1.0
Using rb-fsevent 0.11.0
Using rb-inotify 0.10.1
Using listen 3.6.0
Using jekyll-watch 2.2.1
Using rexml 3.2.5
Using kramdown 2.3.1
Using kramdown-parser-gfm 1.1.0
Using liquid 4.0.3
Using mercenary 0.4.0
Using pathutil 0.16.2
Using rouge 3.26.0
Using safe_yaml 1.0.5
Using unicode-display_width 1.7.0
Using terminal-table 2.0.0
Using jekyll 4.2.0
Using jekyll-feed 0.15.1
Using jekyll-paginate 1.1.0
Using jekyll-seo-tag 2.7.1
Using jekyll-sitemap 1.4.0
Fetching racc 1.5.2
Installing racc 1.5.2 with native extensions
Using nokogiri 1.12.3 (x64-mingw32)
Using rainbow 3.0.0
Using jekyll-spaceship 0.9.9
Using jekyll-theme-yat 1.8.0
Using thread_safe 0.3.6
Using tzinfo 1.2.9
Using tzinfo-data 1.2021.1
Using wdm 0.1.1
Using webrick 1.7.0
Bundle complete! 7 Gemfile dependencies, 43 gems now installed.
Use `bundle info [gemname]` to see where a bundled gem is installed.

D:\GitHub Projects\blog\blog>bundle exec jekyll serve
Configuration file: D:/GitHub Projects/blog/blog/_config.yml
  Jekyll Spaceship: ðŸš€ Jekyll-Spaceship 0.9.9
  Jekyll Spaceship: ðŸŽ‰ A Jekyll plugin to provide powerful supports.
  Jekyll Spaceship: ðŸ‘‰ https://github.com/jeffreytse/jekyll-spaceship
  Jekyll Spaceship: ðŸ—‚  use table-processor
  Jekyll Spaceship: ðŸ—‚  use mathjax-processor
  Jekyll Spaceship: ðŸ—‚  use plantuml-processor
  Jekyll Spaceship: ðŸ—‚  use mermaid-processor
            Source: D:/GitHub Projects/blog/blog      
       Destination: D:/GitHub Projects/blog/blog/_site
 Incremental build: disabled. Enable with --incremental
      Generating...
       Jekyll Feed: Generating feed for posts         l
     Build Warning: Layout 'page' requested in about.markdown does not exist.
                    done in 1.167 seconds.            arkdown does not exist.
 Auto-regeneration: enabled for 'D:/GitHub Projects/blog/blog'                                              og/blog'
    Server address: http://127.0.0.1:4000/
  Server running... press ctrl-c to stop.
[2021-08-16 22:56:48] ERROR `/default' not found.
[2021-08-16 22:59:35] ERROR `/default' not found.
